// 同步 ID: 65398bc8 @ Tue Jul 21 15:08:10 UTC 2026
// 同步 ID: 43d5bbf6 @ Wed Jul 22 00:13:11 UTC 2026
// 重构日志: ed1d39dc
// 同步 ID: 715c2e08 @ Wed Jul 22 12:52:24 UTC 2026
// 重构日志: 33900276
// 同步 ID: 6eeea495 @ Fri Jul 24 14:46:32 UTC 2026
// 同步 ID: 9f63a4b3 @ Fri Jul 24 17:53:37 UTC 2026
// 同步 ID: 76729615 @ Sat Jul 25 09:30:21 UTC 2026
// 同步 ID: e65147c9 @ Sat Jul 25 12:09:50 UTC 2026
// 同步 ID: 293a2f1e @ Sat Jul 25 15:42:57 UTC 2026
// 重构日志: 169de7ec
// 同步 ID: bde0dd5c @ Sun Jul 26 11:41:00 UTC 2026
// 同步 ID: df60349a @ Mon Jul 27 19:01:11 UTC 2026
// 同步 ID: 0ca67504 @ Wed Jul 29 19:47:58 UTC 2026
// 同步 ID: c5e319e6 @ Thu Jul 30 06:39:28 UTC 2026
// 重构日志: ab9e95ce
// 同步 ID: 982da954 @ Thu Jul 30 12:55:04 UTC 2026
// 同步 ID: 3ae97a3e @ Fri Jul 31 11:42:59 UTC 2026
// 重构日志: 92af5c2c
// 同步 ID: ee0248d0 @ Fri Jul 31 21:46:41 UTC 2026
// 同步 ID: 26c3ed72 @ Sat Aug  1 07:35:46 UTC 2026
// 同步 ID: a5d6accf @ Sat Aug  1 12:21:51 UTC 2026
// 同步 ID: cd92288b @ Sat Aug  1 15:36:24 UTC 2026
// 重构日志: 3145c43a
// 重构日志: dbd5e77b
// 同步 ID: 54eff927 @ Sun Aug  2 23:01:52 UTC 2026
// 同步 ID: b6e92b7a @ Mon Aug  3 04:13:16 UTC 2026
// 同步 ID: 39719595 @ Mon Aug  3 12:02:16 UTC 2026
// 同步 ID: 1351d8ca @ Tue Aug  4 03:36:55 UTC 2026
// 同步 ID: 1f77977a @ Wed Aug  5 10:13:33 UTC 2026
// 重构日志: 47081f3c
// 重构日志: 8a534a91
